INTEGER test of CDA, unions
test size is 1507
p items: ((1))
p items: ((1))
p items: ((1))
q items: (displaying first and last 100 elements)
323 1383 819 1004 276 830 394 96 730 1462 150 1290 1011 687 454 628 346 718 655 946 793 419 1197 1022 1365 1136 883 176 677 637 748 966 158 329 996 545 1144 1196 1249 31 1086 1183 221 321 262 588 181 555 1302 469 971 258 1186 1286 535 1137 1354 455 469 1275 538 1330 1084 413 265 480 555 1134 149 1165 194 719 1013 1345 1456 1433 1212 77 162 1242 1039 1368 865 789 1394 911 762 804 1377 1053 488 947 309 1419 30 782 497 636 245 1487 ... 553 774 1302 150 648 545 654 1338 227 526 1262 1434 233 576 566 1293 344 718 555 435 571 1067 540 506 1347 329 1278 814 779 1174 731 272 1207 1375 1434 518 1466 1064 412 112 1328 1170 1146 212 490 1443 199 839 1394 420 1372 354 221 513 556 1481 287 1175 711 401 78 97 258 721 612 632 939 106 1089 878 1424 1294 326 1015 1181 1500 979 593 816 1293 1487 1096 398 1175 1094 1102 47 487 1051 736 133 1086 566 951 1058 844 19 751 466 785

p size is 0
q size is 3014
p items: ((1))
q items: (displaying first and last 100 elements)
1392 677 1312 575 1503 1243 615 1414 307 459 1226 1444 42 852 718 706 807 1254 387 1370 509 752 284 1202 21 954 140 861 975 868 1250 288 1298 822 145 1477 1491 200 712 1028 1163 1392 1011 1367 672 282 205 497 237 235 1021 253 252 460 880 542 1391 1078 458 338 376 751 396 1468 179 560 1233 929 717 264 447 270 206 1006 126 532 1239 438 1369 5 489 549 1438 749 1061 1133 1141 296 720 1057 628 1287 351 595 686 1428 231 870 439 922 ... 420 1372 354 221 412 372 513 42 806 556 476 1481 287 1175 1229 568 769 141 1497 711 401 78 97 258 46 958 721 1071 612 632 939 973 106 687 813 363 1089 878 1219 1424 318 1294 155 1213 326 1015 884 1181 933 1500 734 602 979 593 816 1293 477 102 1139 1487 1385 1096 398 1018 1057 590 456 1107 37 1175 996 1094 1102 47 487 476 1365 1051 12 736 133 1086 566 1199 258 951 1058 383 844 19 1175 220 883 751 466 752 785 140 771 723

p size is 0
q size is 6028
